Component: ARM Compiler 5.06 update 6 (build 750) Tool: armlink [4d35ed]

==============================================================================

Section Cross References

    startup_stm32f10x_hd.o(RESET) refers to startup_stm32f10x_hd.o(STACK) for __initial_sp
    startup_stm32f10x_hd.o(RESET) refers to startup_stm32f10x_hd.o(.text) for Reset_Handler
    startup_stm32f10x_hd.o(RESET) refers to stm32f10x_it.o(.text) for NMI_Handler
    startup_stm32f10x_hd.o(.text) refers to system_stm32f10x.o(.text) for SystemInit
    startup_stm32f10x_hd.o(.text) refers to entry.o(.ARM.Collect$$$$00000000) for __main
    main.o(.text) refers to fadd.o(.text) for __aeabi_fadd
    main.o(.text) refers to fmul.o(.text) for __aeabi_fmul
    main.o(.text) refers to fdiv.o(.text) for __aeabi_fdiv
    main.o(.text) refers to main.o(.bss) for Ek62
    main.o(.text) refers to main.o(.data) for Kd2
    main.o(.text) refers to dflti.o(.text) for __aeabi_i2d
    main.o(.text) refers to dmul.o(.text) for __aeabi_dmul
    main.o(.text) refers to d2f.o(.text) for __aeabi_d2f
    main.o(.text) refers to as5048b.o(.text) for AS5048B_ReadOneByte
    main.o(.text) refers to misc.o(.text) for NVIC_PriorityGroupConfig
    main.o(.text) refers to ffltui.o(.text) for __aeabi_ui2f
    main.o(.text) refers to ffixui.o(.text) for __aeabi_f2uiz
    main.o(.text) refers to stm32f10x_usart.o(.text) for USART_Init
    main.o(.text) refers to stm32f10x_gpio.o(.text) for GPIO_Init
    main.o(.text) refers to sys.o(.text) for Stm32_Clock_Init
    main.o(.text) refers to stm32f10x_rcc.o(.text) for RCC_APB2PeriphClockCmd
    main.o(.text) refers to pbdata.o(.text) for delay_init
    main.o(.text) refers to at24cxx.o(.text) for vel_modes
    main.o(.text) refers to stm32f10x_it.o(.bss) for resAngles
    main.o(.text) refers to f2d.o(.text) for __aeabi_f2d
    main.o(.text) refers to dadd.o(.text) for __aeabi_dsub
    main.o(.text) refers to printfa.o(i.__0printf) for __2printf
    main.o(.text) refers to pow.o(i.pow) for pow
    main.o(.text) refers to ddiv.o(.text) for __aeabi_ddiv
    main.o(.text) refers to cfrcmple.o(.text) for __aeabi_cfrcmple
    main.o(.text) refers to cdrcmple.o(.text) for __aeabi_cdrcmple
    main.o(.text) refers to cdcmple.o(.text) for __aeabi_cdcmple
    main.o(.text) refers to cfcmple.o(.text) for __aeabi_cfcmpeq
    pbdata.o(.text) refers to stm32f10x_rcc.o(.text) for RCC_DeInit
    pbdata.o(.text) refers to stm32f10x_usart.o(.text) for USART_SendData
    pbdata.o(.text) refers to pbdata.o(.data) for fac_us
    stm32f10x_it.o(.text) refers to stm32f10x_usart.o(.text) for USART_GetITStatus
    stm32f10x_it.o(.text) refers to memseta.o(.text) for __aeabi_memclr4
    stm32f10x_it.o(.text) refers to fmul.o(.text) for __aeabi_fmul
    stm32f10x_it.o(.text) refers to f2d.o(.text) for __aeabi_f2d
    stm32f10x_it.o(.text) refers to dmul.o(.text) for __aeabi_dmul
    stm32f10x_it.o(.text) refers to d2f.o(.text) for __aeabi_d2f
    stm32f10x_it.o(.text) refers to dflti.o(.text) for __aeabi_i2d
    stm32f10x_it.o(.text) refers to dadd.o(.text) for __aeabi_dadd
    stm32f10x_it.o(.text) refers to fdiv.o(.text) for __aeabi_fdiv
    stm32f10x_it.o(.text) refers to stm32f10x_it.o(.data) for UART1_RX_CNT
    stm32f10x_it.o(.text) refers to stm32f10x_it.o(.bss) for UART1_RX_BUF
    i2c.o(.text) refers to pbdata.o(.text) for delay_us
    at24cxx.o(.text) refers to stm32f10x_gpio.o(.text) for GPIO_SetBits
    at24cxx.o(.text) refers to stm32f10x_usart.o(.text) for USART_GetFlagStatus
    at24cxx.o(.text) refers to pbdata.o(.text) for delay_us
    at24cxx.o(.text) refers to printfa.o(i.__0printf) for __2printf
    at24cxx.o(.text) refers to cfrcmple.o(.text) for __aeabi_cfrcmple
    at24cxx.o(.text) refers to cfcmple.o(.text) for __aeabi_cfcmple
    at24cxx.o(.text) refers to f2d.o(.text) for __aeabi_f2d
    at24cxx.o(.text) refers to ddiv.o(.text) for __aeabi_ddiv
    at24cxx.o(.text) refers to dmul.o(.text) for __aeabi_dmul
    at24cxx.o(.text) refers to dfixui.o(.text) for __aeabi_d2uiz
    at24cxx.o(.text) refers to ffltui.o(.text) for __aeabi_ui2f
    at24cxx.o(.text) refers to d2f.o(.text) for __aeabi_d2f
    at24cxx.o(.text) refers to stm32f10x_it.o(.data) for RS485_RX_CNT
    at24cxx.o(.text) refers to stm32f10x_it.o(.bss) for RS485_RX_BUF
    at24cxx.o(.text) refers to at24cxx.o(.constdata) for crc_table
    at24cxx.o(.text) refers to fflti.o(.text) for __aeabi_i2f
    at24cxx.o(.text) refers to ffixi.o(.text) for __aeabi_f2iz
    at24cxx.o(.text) refers to fadd.o(.text) for __aeabi_frsub
    at24cxx.o(.text) refers to ffixui.o(.text) for __aeabi_f2uiz
    sys.o(.text) refers to sys.o(.emb_text) for WFI_SET
    as5048b.o(.text) refers to i2c.o(.text) for IIC_Init
    pd.o(.text) refers to fadd.o(.text) for __aeabi_fsub
    pd.o(.text) refers to fmul.o(.text) for __aeabi_fmul
    stm32f10x_gpio.o(.text) refers to stm32f10x_rcc.o(.text) for RCC_APB2PeriphResetCmd
[...]
    printf7.o(i.__0vsprintf$7) refers to printf7.o(i._printf_core) for _printf_core
    printf7.o(i.__0vsprintf$7) refers to printf7.o(i._sputc) for _sputc
    printf7.o(i._printf_core) refers to printf7.o(i._printf_pre_padding) for _printf_pre_padding
    printf7.o(i._printf_core) refers to uldiv.o(.text) for __aeabi_uldivmod
    printf7.o(i._printf_core) refers to printf7.o(i._printf_post_padding) for _printf_post_padding
    printf8.o(i.__0fprintf$8) refers to printf8.o(i._printf_core) for _printf_core
    printf8.o(i.__0fprintf$8) refers to pbdata.o(.text) for fputc
    printf8.o(i.__0printf$8) refers to printf8.o(i._printf_core) for _printf_core
    printf8.o(i.__0printf$8) refers to pbdata.o(.text) for fputc
    printf8.o(i.__0printf$8) refers to stdout.o(.data) for __stdout
    printf8.o(i.__0snprintf$8) refers to printf8.o(i._printf_core) for _printf_core
    printf8.o(i.__0snprintf$8) refers to printf8.o(i._snputc) for _snputc
    printf8.o(i.__0sprintf$8) refers to printf8.o(i._printf_core) for _printf_core
    printf8.o(i.__0sprintf$8) refers to printf8.o(i._sputc) for _sputc
    printf8.o(i.__0vfprintf$8) refers to printf8.o(i._printf_core) for _printf_core
    printf8.o(i.__0vfprintf$8) refers to pbdata.o(.text) for fputc
    printf8.o(i.__0vprintf$8) refers to printf8.o(i._printf_core) for _printf_core
    printf8.o(i.__0vprintf$8) refers to pbdata.o(.text) for fputc
    printf8.o(i.__0vprintf$8) refers to stdout.o(.data) for __stdout
    printf8.o(i.__0vsnprintf$8) refers to printf8.o(i._printf_core) for _printf_core
    printf8.o(i.__0vsnprintf$8) refers to printf8.o(i._snputc) for _snputc
    printf8.o(i.__0vsprintf$8) refers to printf8.o(i._printf_core) for _printf_core
    printf8.o(i.__0vsprintf$8) refers to printf8.o(i._sputc) for _sputc
    printf8.o(i._printf_core) refers to printf8.o(i._printf_pre_padding) for _printf_pre_padding
    printf8.o(i._printf_core) refers to uldiv.o(.text) for __aeabi_uldivmod
    printf8.o(i._printf_core) refers to printf8.o(i._printf_post_padding) for _printf_post_padding
    printfa.o(i.__0fprintf) refers (Special) to iusefp.o(.text) for __I$use$fp
    printfa.o(i.__0fprintf) refers to printfa.o(i._printf_core) for _printf_core
    printfa.o(i.__0fprintf) refers to pbdata.o(.text) for fputc
    printfa.o(i.__0printf) refers (Special) to iusefp.o(.text) for __I$use$fp
    printfa.o(i.__0printf) refers to printfa.o(i._printf_core) for _printf_core
    printfa.o(i.__0printf) refers to pbdata.o(.text) for fputc
    printfa.o(i.__0printf) refers to stdout.o(.data) for __stdout
    printfa.o(i.__0snprintf) refers (Special) to iusefp.o(.text) for __I$use$fp
    printfa.o(i.__0snprintf) refers to printfa.o(i._printf_core) for _printf_core
    printfa.o(i.__0snprintf) refers to printfa.o(i._snputc) for _snputc
    printfa.o(i.__0sprintf) refers (Special) to iusefp.o(.text) for __I$use$fp
    printfa.o(i.__0sprintf) refers to printfa.o(i._printf_core) for _printf_core
    printfa.o(i.__0sprintf) refers to printfa.o(i._sputc) for _sputc
    printfa.o(i.__0vfprintf) refers (Special) to iusefp.o(.text) for __I$use$fp
    printfa.o(i.__0vfprintf) refers to printfa.o(i._printf_core) for _printf_core
    printfa.o(i.__0vfprintf) refers to pbdata.o(.text) for fputc
    printfa.o(i.__0vprintf) refers (Special) to iusefp.o(.text) for __I$use$fp
    printfa.o(i.__0vprintf) refers to printfa.o(i._printf_core) for _printf_core
    printfa.o(i.__0vprintf) refers to pbdata.o(.text) for fputc
    printfa.o(i.__0vprintf) refers to stdout.o(.data) for __stdout
    printfa.o(i.__0vsnprintf) refers (Special) to iusefp.o(.text) for __I$use$fp
    printfa.o(i.__0vsnprintf) refers to printfa.o(i._printf_core) for _printf_core
    printfa.o(i.__0vsnprintf) refers to printfa.o(i._snputc) for _snputc
    printfa.o(i.__0vsprintf) refers (Special) to iusefp.o(.text) for __I$use$fp
    printfa.o(i.__0vsprintf) refers to printfa.o(i._printf_core) for _printf_core
    printfa.o(i.__0vsprintf) refers to printfa.o(i._sputc) for _sputc
    printfa.o(i._fp_digits) refers (Special) to iusefp.o(.text) for __I$use$fp
    printfa.o(i._fp_digits) refers to dmul.o(.text) for __aeabi_dmul
    printfa.o(i._fp_digits) refers to ddiv.o(.text) for __aeabi_ddiv
    printfa.o(i._fp_digits) refers to cdrcmple.o(.text) for __aeabi_cdrcmple
    printfa.o(i._fp_digits) refers to dadd.o(.text) for __aeabi_dadd
    printfa.o(i._fp_digits) refers to dfixul.o(.text) for __aeabi_d2ulz
    printfa.o(i._fp_digits) refers to uldiv.o(.text) for __aeabi_uldivmod
    printfa.o(i._printf_core) refers (Special) to iusefp.o(.text) for __I$use$fp
    printfa.o(i._printf_core) refers to printfa.o(i._printf_pre_padding) for _printf_pre_padding
    printfa.o(i._printf_core) refers to uldiv.o(.text) for __aeabi_uldivmod
    printfa.o(i._printf_core) refers to printfa.o(i._printf_post_padding) for _printf_post_padding
    printfa.o(i._printf_core) refers to printfa.o(i._fp_digits) for _fp_digits
    printfa.o(i._printf_core) refers to uidiv.o(.text) for __aeabi_uidivmod
    printfa.o(i._printf_post_padding) refers (Special) to iusefp.o(.text) for __I$use$fp
    printfa.o(i._printf_pre_padding) refers (Special) to iusefp.o(.text) for __I$use$fp
    printfa.o(i._snputc) refers (Special) to iusefp.o(.text) for __I$use$fp
    printfa.o(i._sputc) refers (Special) to iusefp.o(.text) for __I$use$fp
    fadd.o(.text) refers (Special) to iusefp.o(.text) for __I$use$fp
    fadd.o(.text) refers to fepilogue.o(.text) for _float_epilogue
    fmul.o(.text) refers (Special) to iusefp.o(.text) for __I$use$fp
    fdiv.o(.text) refers (Special) to iusefp.o(.text) for __I$use$fp
    fdiv.o(.text) refers to fepilogue.o(.text) for _float_round
    dadd.o(.text) refers (Special) to iusefp.o(.text) for __I$use$fp
    dadd.o(.text) refers to llshl.o(.text) for __aeabi_llsl
    dadd.o(.text) refers to llsshr.o(.text) for __aeabi_lasr
    dadd.o(.text) refers to depilogue.o(.text) for _double_epilogue
    dmul.o(.text) refers (Special) to iusefp.o(.text) for __I$use$fp
    dmul.o(.text) refers to depilogue.o(.text) for _double_epilogue
    ddiv.o(.text) refers (Special) to iusefp.o(.text) for __I$use$fp
    ddiv.o(.text) refers to depilogue.o(.text) for _double_round
    fflti.o(.text) refers (Special) to iusefp.o(.text) for __I$use$fp
    fflti.o(.text) refers to fepilogue.o(.text) for _float_epilogue
    ffltui.o(.text) refers (Special) to iusefp.o(.text) for __I$use$fp
    ffltui.o(.text) refers to fepilogue.o(.text) for _float_epilogue
    dflti.o(.text) refers (Special) to iusefp.o(.text) for __I$use$fp
    dflti.o(.text) refers to depilogue.o(.text) for _double_epilogue
    ffixi.o(.text) refers (Special) to iusefp.o(.text) for __I$use$fp
    ffixui.o(.text) refers (Special) to iusefp.o(.text) for __I$use$fp
    dfixui.o(.text) refers (Special) to iusefp.o(.text) for __I$use$fp
    dfixui.o(.text) refers to llushr.o(.text) for __aeabi_llsr
    f2d.o(.text) refers (Special) to iusefp.o(.text) for __I$use$fp
    cdcmple.o(.text) refers (Special) to iusefp.o(.text) for __I$use$fp
    cdrcmple.o(.text) refers (Special) to iusefp.o(.text) for __I$use$fp
    d2f.o(.text) refers (Special) to iusefp.o(.text) for __I$use$fp
    d2f.o(.text) refers to fepilogue.o(.text) for _float_round
    cfcmple.o(.text) refers (Special) to iusefp.o(.text) for __I$use$fp
    cfrcmple.o(.text) refers (Special) to iusefp.o(.text) for __I$use$fp
    dunder.o(i.__mathlib_dbl_divzero) refers to ddiv.o(.text) for __aeabi_ddiv
    dunder.o(i.__mathlib_dbl_infnan) refers to dscalb.o(.text) for __ARM_scalbn
    dunder.o(i.__mathlib_dbl_infnan2) refers to dadd.o(.text) for __aeabi_dadd
    dunder.o(i.__mathlib_dbl_invalid) refers to ddiv.o(.text) for __aeabi_ddiv
    dunder.o(i.__mathlib_dbl_overflow) refers to dscalb.o(.text) for __ARM_scalbn
    dunder.o(i.__mathlib_dbl_posinfnan) refers to dmul.o(.text) for __aeabi_dmul
    dunder.o(i.__mathlib_dbl_underflow) refers to dscalb.o(.text) for __ARM_scalbn
    fpclassify.o(i.__ARM_fpclassify) refers (Special) to iusefp.o(.text) for __I$use$fp
    poly.o(i.__kernel_poly) refers (Special) to iusefp.o(.text) for __I$use$fp
    poly.o(i.__kernel_poly) refers to dmul.o(.text) for __aeabi_dmul
    poly.o(i.__kernel_poly) refers to dadd.o(.text) for __aeabi_dadd
    qnan.o(.constdata) refers (Special) to iusefp.o(.text) for __I$use$fp
    sqrt.o(i.__softfp_sqrt) refers (Special) to iusefp.o(.text) for __I$use$fp
    sqrt.o(i.__softfp_sqrt) refers to dsqrt.o(.text) for _dsqrt
    sqrt.o(i.__softfp_sqrt) refers to errno.o(i.__set_errno) for __set_errno
    sqrt.o(i.sqrt) refers (Special) to iusefp.o(.text) for __I$use$fp
    sqrt.o(i.sqrt) refers to dsqrt.o(.text) for _dsqrt
    sqrt.o(i.sqrt) refers to errno.o(i.__set_errno) for __set_errno
    sqrt_x.o(i.____softfp_sqrt$lsc) refers (Special) to iusefp.o(.text) for __I$use$fp
    sqrt_x.o(i.____softfp_sqrt$lsc) refers to cdcmple.o(.text) for __aeabi_cdcmple
    sqrt_x.o(i.____softfp_sqrt$lsc) refers to errno.o(i.__set_errno) for __set_errno
    sqrt_x.o(i.____softfp_sqrt$lsc) refers to dsqrt.o(.text) for _dsqrt
    sqrt_x.o(i.__sqrt$lsc) refers (Special) to iusefp.o(.text) for __I$use$fp
    sqrt_x.o(i.__sqrt$lsc) refers to cdcmple.o(.text) for __aeabi_cdcmple
    sqrt_x.o(i.__sqrt$lsc) refers to errno.o(i.__set_errno) for __set_errno
    sqrt_x.o(i.__sqrt$lsc) refers to dsqrt.o(.text) for _dsqrt
    entry2.o(.ARM.Collect$$$$00000001) refers to entry2.o(.ARM.Collect$$$$00002712) for __lit__00000000
    entry2.o(.ARM.Collect$$$$00002712) refers to startup_stm32f10x_hd.o(STACK) for __initial_sp
    entry2.o(__vectab_stack_and_reset_area) refers to startup_stm32f10x_hd.o(STACK) for __initial_sp
    entry2.o(__vectab_stack_and_reset_area) refers to entry.o(.ARM.Collect$$$$00000000) for __main
    entry5.o(.ARM.Collect$$$$00000004) refers to init.o(.text) for __scatterload
    entry9a.o(.ARM.Collect$$$$0000000B) refers to main.o(.text) for main
    entry9b.o(.ARM.Collect$$$$0000000C) refers to main.o(.text) for main
    uldiv.o(.text) refers to llushr.o(.text) for __aeabi_llsr
    uldiv.o(.text) refers to llshl.o(.text) for __aeabi_llsl
    errno.o(i.__aeabi_errno_addr) refers to errno.o(.data) for .data
    errno.o(i.__read_errno) refers to errno.o(.data) for .data
    errno.o(i.__set_errno) refers to errno.o(.data) for .data
    depilogue.o(.text) refers to llshl.o(.text) for __aeabi_llsl
    depilogue.o(.text) refers to llushr.o(.text) for __aeabi_llsr
    dfixul.o(.text) refers to llushr.o(.text) for __aeabi_llsr
    dfixul.o(.text) refers to llshl.o(.text) for __aeabi_llsl
    init.o(.text) refers to entry5.o(.ARM.Collect$$$$00000004) for __main_after_scatterload
    dsqrt.o(.text) refers to llushr.o(.text) for __aeabi_llsr
    dsqrt.o(.text) refers to depilogue.o(.text) for _double_round


==============================================================================

Removing Unused input sections from the image.

    Removing startup_stm32f10x_hd.o(HEAP), (512 bytes).
    Removing pd.o(.text), (112 bytes).
    Removing pd.o(.data), (4 bytes).
    Removing stm32f10x_exti.o(.text), (284 bytes).
    Removing stm32f10x_tim.o(.text), (3610 bytes).
    Removing core_cm3.o(.emb_text), (32 bytes).

6 unused section(s) (total 4554 bytes) removed from the image.

==============================================================================

Image Symbol Table

    Local Symbols

    Symbol Name                              Value     Ov Type        Size  Object(Section)

    ../clib/../cmprslib/zerorunl2.c          0x00000000   Number         0  __dczerorl2.o ABSOLUTE
    ../clib/microlib/division.c              0x00000000   Number         0  uidiv.o ABSOLUTE
    ../clib/microlib/division.c              0x00000000   Number         0  uldiv.o ABSOLUTE
    ../clib/microlib/errno.c                 0x00000000   Number         0  errno.o ABSOLUTE
    ../clib/microlib/init/entry.s            0x00000000   Number         0  entry7a.o ABSOLUTE
    ../clib/microlib/init/entry.s            0x00000000   Number         0  entry11a.o ABSOLUTE
    ../clib/microlib/init/entry.s            0x00000000   Number         0  entry9a.o ABSOLUTE
    ../clib/microlib/init/entry.s            0x00000000   Number         0  entry8b.o ABSOLUTE
    ../clib/microlib/init/entry.s            0x00000000   Number         0  entry10b.o ABSOLUTE
    ../clib/microlib/init/entry.s            0x00000000   Number         0  entry7b.o ABSOLUTE
    ../clib/microlib/init/entry.s            0x00000000   Number         0  entry8a.o ABSOLUTE
    ../clib/microlib/init/entry.s            0x00000000   Number         0  entry10a.o ABSOLUTE
    ../clib/microlib/init/entry.s            0x00000000   Number         0  entry9b.o ABSOLUTE
    ../clib/microlib/init/entry.s            0x00000000   Number         0  entry.o ABSOLUTE
    ../clib/microlib/init/entry.s            0x00000000   Number         0  entry11b.o ABSOLUTE
    ../clib/microlib/init/entry.s            0x00000000   Number         0  entry2.o ABSOLUTE
    ../clib/microlib/init/entry.s            0x00000000   Number         0  entry5.o ABSOLUTE
    ../clib/microlib/longlong.c              0x00000000   Number         0  llshl.o ABSOLUTE
    ../clib/microlib/longlong.c              0x00000000   Number         0  llushr.o ABSOLUTE
    ../clib/microlib/longlong.c              0x00000000   Number         0  llsshr.o ABSOLUTE
    ../clib/microlib/printf/printf.c         0x00000000   Number         0  printfb.o ABSOLUTE
    ../clib/microlib/printf/printf.c         0x00000000   Number         0  printf6.o ABSOLUTE
    ../clib/microlib/printf/printf.c         0x00000000   Number         0  printf5.o ABSOLUTE
    ../clib/microlib/printf/printf.c         0x00000000   Number         0  printf4.o ABSOLUTE
    ../clib/microlib/printf/printf.c         0x00000000   Number         0  printf3.o ABSOLUTE
    ../clib/microlib/printf/printf.c         0x00000000   Number         0  printf2.o ABSOLUTE
    ../clib/microlib/printf/printf.c         0x00000000   Number         0  printf1.o ABSOLUTE
    ../clib/microlib/printf/printf.c         0x00000000   Number         0  printf7.o ABSOLUTE
    ../clib/microlib/printf/printf.c         0x00000000   Number         0  printf8.o ABSOLUTE
    ../clib/microlib/printf/printf.c         0x00000000   Number         0  printfa.o ABSOLUTE
    ../clib/microlib/printf/printf.c         0x00000000   Number         0  printf0.o ABSOLUTE
    ../clib/microlib/printf/stubs.s          0x00000000   Number         0  stubs.o ABSOLUTE
    ../clib/microlib/stdio/streams.c         0x00000000   Number         0  stdout.o ABSOLUTE
    ../clib/microlib/string/memset.c         0x00000000   Number         0  memseta.o ABSOLUTE
    ../clib/microlib/stubs.s                 0x00000000   Number         0  iusefp.o ABSOLUTE
    ../fplib/microlib/d2f.c                  0x00000000   Number         0  d2f.o ABSOLUTE
    ../fplib/microlib/f2d.c                  0x00000000   Number         0  f2d.o ABSOLUTE
    ../fplib/microlib/fpadd.c                0x00000000   Number         0  dadd.o ABSOLUTE
    ../fplib/microlib/fpadd.c                0x00000000   Number         0  fadd.o ABSOLUTE
    ../fplib/microlib/fpdiv.c                0x00000000   Number         0  fdiv.o ABSOLUTE
    ../fplib/microlib/fpdiv.c                0x00000000   Number         0  ddiv.o ABSOLUTE
    ../fplib/microlib/fpepilogue.c           0x00000000   Number         0  fepilogue.o ABSOLUTE
    ../fplib/microlib/fpepilogue.c           0x00000000   Number         0  depilogue.o ABSOLUTE
    ../fplib/microlib/fpfix.c                0x00000000   Number         0  dfixul.o ABSOLUTE
    ../fplib/microlib/fpfix.c                0x00000000   Number         0  dfixui.o ABSOLUTE
    ../fplib/microlib/fpfix.c                0x00000000   Number         0  ffixui.o ABSOLUTE
    ../fplib/microlib/fpfix.c                0x00000000   Number         0  ffixi.o ABSOLUTE
    ../fplib/microlib/fpflt.c                0x00000000   Number         0  fflti.o ABSOLUTE
    ../fplib/microlib/fpflt.c                0x00000000   Number         0  ffltui.o ABSOLUTE
    ../fplib/microlib/fpflt.c                0x00000000   Number         0  dflti.o ABSOLUTE
    ../fplib/microlib/fpmul.c                0x00000000   Number         0  fmul.o ABSOLUTE
    ../fplib/microlib/fpmul.c                0x00000000   Number         0  dmul.o ABSOLUTE
    ../fplib/microlib/fpscalb.c              0x00000000   Number         0  dscalb.o ABSOLUTE
    ../fplib/microlib/fpsqrt.c               0x00000000   Number         0  dsqrt.o ABSOLUTE
    ../mathlib/dunder.c                      0x00000000   Number         0  dunder.o ABSOLUTE
    ../mathlib/fpclassify.c                  0x00000000   Number         0  fpclassify.o ABSOLUTE
    ../mathlib/poly.c                        0x00000000   Number         0  poly.o ABSOLUTE
    ../mathlib/pow.c                         0x00000000   Number         0  pow.o ABSOLUTE
    ../mathlib/pow.c                         0x00000000   Number         0  pow_x.o ABSOLUTE
    ../mathlib/qnan.c                        0x00000000   Number         0  qnan.o ABSOLUTE
    ../mathlib/sqrt.c                        0x00000000   Number         0  sqrt_x.o ABSOLUTE
    ../mathlib/sqrt.c                        0x00000000   Number         0  sqrt.o ABSOLUTE
    ASM\startup_stm32f10x_hd.s               0x00000000   Number         0  startup_stm32f10x_hd.o ABSOLUTE
    Lib\SRC\misc.c                           0x00000000   Number         0  misc.o ABSOLUTE
    Lib\SRC\stm32f10x_exti.c                 0x00000000   Number         0  stm32f10x_exti.o ABSOLUTE
    Lib\SRC\stm32f10x_gpio.c                 0x00000000   Number         0  stm32f10x_gpio.o ABSOLUTE
    Lib\SRC\stm32f10x_rcc.c                  0x00000000   Number         0  stm32f10x_rcc.o ABSOLUTE
    Lib\SRC\stm32f10x_tim.c                  0x00000000   Number         0  stm32f10x_tim.o ABSOLUTE
    Lib\SRC\stm32f10x_usart.c                0x00000000   Number         0  stm32f10x_usart.o ABSOLUTE
    System\\core_cm3.c                       0x00000000   Number         0  core_cm3.o ABSOLUTE
    System\core_cm3.c                        0x00000000   Number         0  core_cm3.o ABSOLUTE
    System\system_stm32f10x.c                0x00000000   Number         0  system_stm32f10x.o ABSOLUTE
    USR\AT24Cxx.c                            0x00000000   Number         0  at24cxx.o ABSOLUTE
    USR\I2C.c                                0x00000000   Number         0  i2c.o ABSOLUTE
    USR\\sys.c                               0x00000000   Number         0  sys.o ABSOLUTE
    USR\as5048b.c                            0x00000000   Number         0  as5048b.o ABSOLUTE
    USR\main.c                               0x00000000   Number         0  main.o ABSOLUTE
    USR\pbdata.c                             0x00000000   Number         0  pbdata.o ABSOLUTE
    USR\pd.c                                 0x00000000   Number         0  pd.o ABSOLUTE
    USR\stm32f10x_it.c                       0x00000000   Number         0  stm32f10x_it.o ABSOLUTE
    USR\sys.c                                0x00000000   Number         0  sys.o ABSOLUTE
    cdcmple.s                                0x00000000   Number         0  cdcmple.o ABSOLUTE
    cdrcmple.s                               0x00000000   Number         0  cdrcmple.o ABSOLUTE
    cfcmple.s                                0x00000000   Number         0  cfcmple.o ABSOLUTE
    cfrcmple.s                               0x00000000   Number         0  cfrcmple.o ABSOLUTE
    dc.s                                     0x00000000   Number         0  dc.o ABSOLUTE
    handlers.s                               0x00000000   Number         0  handlers.o ABSOLUTE
    init.s                                   0x00000000   Number         0  init.o ABSOLUTE
    RESET                                    0x08000000   Section      304  startup_stm32f10x_hd.o(RESET)
    .ARM.Collect$$$$00000000                 0x08000130   Section        0  entry.o(.ARM.Collect$$$$00000000)
    .ARM.Collect$$$$00000001                 0x08000130   Section        4  entry2.o(.ARM.Collect$$$$00000001)
    .ARM.Collect$$$$00000004                 0x08000134   Section        4  entry5.o(.ARM.Collect$$$$00000004)
    .ARM.Collect$$$$00000008                 0x08000138   Section        0  entry7b.o(.ARM.Collect$$$$00000008)
    .ARM.Collect$$$$0000000A                 0x08000138   Section        0  entry8b.o(.ARM.Collect$$$$0000000A)
    .ARM.Collect$$$$0000000B                 0x08000138   Section        8  entry9a.o(.ARM.Collect$$$$0000000B)
    .ARM.Collect$$$$0000000D                 0x08000140   Section        0  entry10a.o(.ARM.Collect$$$$0000000D)
    .ARM.Collect$$$$0000000F                 0x08000140   Section        0  entry11a.o(.ARM.Collect$$$$0000000F)
    .ARM.Collect$$$$00002712                 0x08000140   Section        4  entry2.o(.ARM.Collect$$$$00002712)
    __lit__00000000                          0x08000140   Data           4  entry2.o(.ARM.Collect$$$$00002712)
    .emb_text                                0x08000144   Section       12  sys.o(.emb_text)
    .text                                    0x08000150   Section       36  startup_stm32f10x_hd.o(.text)
    .text                                    0x08000174   Section        0  main.o(.text)
    .text                                    0x08002e3c   Section        0  pbdata.o(.text)
    .text                                    0x08002f6c   Section        0  stm32f10x_it.o(.text)
    .text                                    0x08003160   Section        0  i2c.o(.text)
    .text                                    0x08003390   Section        0  at24cxx.o(.text)
    .text                                    0x08005a8c   Section        0  sys.o(.text)
    .text                                    0x08005d48   Section        0  as5048b.o(.text)
    .text                                    0x08005d90   Section        0  stm32f10x_gpio.o(.text)
    .text                                    0x080060ec   Section        0  stm32f10x_rcc.o(.text)
    .text                                    0x08006490   Section        0  misc.o(.text)
    .text                                    0x0800656c   Section        0  stm32f10x_usart.o(.text)
    .text                                    0x08006974   Section        0  system_stm32f10x.o(.text)
    SetSysClockTo72                          0x08006975   Thumb Code   214  system_stm32f10x.o(.text)
    SetSysClock                              0x08006a4b   Thumb Code     8  system_stm32f10x.o(.text)
    .text                                    0x08006b54   Section        0  memseta.o(.text)
    .text                                    0x08006b78   Section        0  fadd.o(.text)
    .text                                    0x08006c28   Section        0  fmul.o(.text)
    .text                                    0x08006c8c   Section        0  fdiv.o(.text)
    .text                                    0x08006d08   Section        0  dadd.o(.text)
    .text                                    0x08006e56   Section        0  dmul.o(.text)
    .text                                    0x08006f3a   Section        0  ddiv.o(.text)
    .text                                    0x08007018   Section        0  fflti.o(.text)
    .text                                    0x0800702a   Section        0  ffltui.o(.text)
    .text                                    0x08007034   Section        0  dflti.o(.text)
    .text                                    0x08007056   Section        0  ffixi.o(.text)
    .text                                    0x08007088   Section        0  ffixui.o(.text)
    .text                                    0x080070b0   Section        0  dfixui.o(.text)
    .text                                    0x080070e2   Section        0  f2d.o(.text)
    .text                                    0x08007108   Section       48  cdcmple.o(.text)
    .text                                    0x08007138   Section       48  cdrcmple.o(.text)
    .text                                    0x08007168   Section        0  d2f.o(.text)
    .text                                    0x080071a0   Section       20  cfcmple.o(.text)
    .text                                    0x080071b4   Section       20  cfrcmple.o(.text)
    .text                                    0x080071c8   Section        0  uidiv.o(.text)
    .text                                    0x080071f4   Section        0  uldiv.o(.text)
    .text                                    0x08007256   Section        0  llshl.o(.text)
    .text                                    0x08007274   Section        0  llushr.o(.text)
    .text                                    0x08007294   Section        0  llsshr.o(.text)
    .text                                    0x080072b8   Section        0  fepilogue.o(.text)
    .text                                    0x080072b8   Section        0  iusefp.o(.text)
    .text                                    0x08007326   Section        0  depilogue.o(.text)
    .text                                    0x080073e0   Section        0  dscalb.o(.text)
    .text                                    0x0800740e   Section        0  dfixul.o(.text)
    .text                                    0x08007440   Section       36  init.o(.text)
    .text                                    0x08007464   Section        0  dsqrt.o(.text)
    .text                                    0x08007506   Section        0  __dczerorl2.o(.text)
    i.__0printf                              0x0800755c   Section        0  printfa.o(i.__0printf)
    i.__ARM_fpclassify                       0x0800757c   Section        0  fpclassify.o(i.__ARM_fpclassify)
    i.__kernel_poly                          0x080075a4   Section        0  poly.o(i.__kernel_poly)
    i.__mathlib_dbl_divzero                  0x08007650   Section        0  dunder.o(i.__mathlib_dbl_divzero)
    i.__mathlib_dbl_infnan2                  0x08007660   Section        0  dunder.o(i.__mathlib_dbl_infnan2)
    i.__mathlib_dbl_invalid                  0x08007664   Section        0  dunder.o(i.__mathlib_dbl_invalid)
    i.__mathlib_dbl_overflow                 0x08007670   Section        0  dunder.o(i.__mathlib_dbl_overflow)
    i.__mathlib_dbl_underflow                0x08007680   Section        0  dunder.o(i.__mathlib_dbl_underflow)
    i.__scatterload_copy                     0x08007690   Section       14  handlers.o(i.__scatterload_copy)
    i.__scatterload_null                     0x0800769e   Section        2  handlers.o(i.__scatterload_null)
    i.__scatterload_zeroinit                 0x080076a0   Section       14  handlers.o(i.__scatterload_zeroinit)
    i.__set_errno                            0x080076b0   Section        0  errno.o(i.__set_errno)
    i._fp_digits                             0x080076bc   Section        0  printfa.o(i._fp_digits)
    _fp_digits                               0x080076bd   Thumb Code   366  printfa.o(i._fp_digits)
    i._printf_core                           0x08007840   Section        0  printfa.o(i._printf_core)
    _printf_core                             0x08007841   Thumb Code  1744  printfa.o(i._printf_core)
    i._printf_post_padding                   0x08007f1c   Section        0  printfa.o(i._printf_post_padding)
    _printf_post_padding                     0x08007f1d   Thumb Code    36  printfa.o(i._printf_post_padding)
    i._printf_pre_padding                    0x08007f40   Section        0  printfa.o(i._printf_pre_padding)
    _printf_pre_padding                      0x08007f41   Thumb Code    46  printfa.o(i._printf_pre_padding)
    i.pow                                    0x08007f70   Section        0  pow.o(i.pow)
    i.sqrt                                   0x08008948   Section        0  sqrt.o(i.sqrt)
    .constdata                               0x08008994   Section      512  at24cxx.o(.constdata)
    .constdata                               0x08008b98   Section      136  pow.o(.constdata)
    bp                                       0x08008b98   Data          16  pow.o(.constdata)
    dp_h                                     0x08008ba8   Data          16  pow.o(.constdata)
    dp_l                                     0x08008bb8   Data          16  pow.o(.constdata)
    L                                        0x08008bc8   Data          48  pow.o(.constdata)
    P                                        0x08008bf8   Data          40  pow.o(.constdata)
    .constdata                               0x08008c20   Section        8  qnan.o(.constdata)
    .data                                    0x20000000   Section      256  main.o(.data)
    .data                                    0x20000100   Section        4  pbdata.o(.data)
    fac_us                                   0x20000101   Data           1  pbdata.o(.data)
    fac_ms                                   0x20000102   Data           2  pbdata.o(.data)
    .data                                    0x20000104   Section        2  stm32f10x_it.o(.data)
    .data                                    0x20000106   Section       20  stm32f10x_rcc.o(.data)
    APBAHBPrescTable                         0x20000106   Data          16  stm32f10x_rcc.o(.data)
    ADCPrescTable                            0x20000116   Data           4  stm32f10x_rcc.o(.data)
    .data                                    0x2000011c   Section       20  system_stm32f10x.o(.data)
    .data                                    0x20000130   Section        4  stdout.o(.data)
    .data                                    0x20000134   Section        4  errno.o(.data)
    _errno                                   0x20000134   Data           4  errno.o(.data)
    .bss                                     0x20000138   Section     5208  main.o(.bss)
    .bss                                     0x20001590   Section      204  stm32f10x_it.o(.bss)
    STACK                                    0x20001660   Section     1024  startup_stm32f10x_hd.o(STACK)

    Global Symbols

    Symbol Name                              Value     Ov Type        Size  Object(Section)

    BuildAttributes$$THM_ISAv4$P$D$K$B$S$PE$A:L22UL41UL21$X:L11$S22US41US21$IEEE1$IW$USESV6$~STKCKD$USESV7$~SHL$OTIME$ROPI$IEEEX$EBA8$MICROLIB$REQ8$PRES8$EABIv2 0x00000000   Number         0  anon$$obj.o ABSOLUTE
    __ARM_use_no_argv                        0x00000000   Number         0  main.o ABSOLUTE
    _printf_a                                0x00000000   Number         0  stubs.o ABSOLUTE
    _printf_c                                0x00000000   Number         0  stubs.o ABSOLUTE
    _printf_charcount                        0x00000000   Number         0  stubs.o ABSOLUTE
    _printf_d                                0x00000000   Number         0  stubs.o ABSOLUTE
    _printf_e                                0x00000000   Number         0  stubs.o ABSOLUTE
    _printf_f                                0x00000000   Number         0  stubs.o ABSOLUTE
    _printf_flags                            0x00000000   Number         0  stubs.o ABSOLUTE
    _printf_fp_dec                           0x00000000   Number         0  stubs.o ABSOLUTE
    _printf_fp_hex                           0x00000000   Number         0  stubs.o ABSOLUTE
    _printf_g                                0x00000000   Number         0  stubs.o ABSOLUTE
    _printf_i                                0x00000000   Number         0  stubs.o ABSOLUTE
    _printf_int_dec                          0x00000000   Number         0  stubs.o ABSOLUTE
    _printf_l                                0x00000000   Number         0  stubs.o ABSOLUTE
    _printf_lc                               0x00000000   Number         0  stubs.o ABSOLUTE
    _printf_ll                               0x00000000   Number         0  stubs.o ABSOLUTE
    _printf_lld                              0x00000000   Number         0  stubs.o ABSOLUTE
    _printf_lli                              0x00000000   Number         0  stubs.o ABSOLUTE
    _printf_llo                              0x00000000   Number         0  stubs.o ABSOLUTE
    _printf_llu                              0x00000000   Number         0  stubs.o ABSOLUTE
    _printf_llx                              0x00000000   Number         0  stubs.o ABSOLUTE
    _printf_longlong_dec                     0x00000000   Number         0  stubs.o ABSOLUTE
    _printf_longlong_hex                     0x00000000   Number         0  stubs.o ABSOLUTE
    _printf_longlong_oct                     0x00000000   Number         0  stubs.o ABSOLUTE
    _printf_ls                               0x00000000   Number         0  stubs.o ABSOLUTE
    _printf_mbtowc                           0x00000000   Number         0  stubs.o ABSOLUTE
    _printf_n                                0x00000000   Number         0  stubs.o ABSOLUTE
    _printf_o                                0x00000000   Number         0  stubs.o ABSOLUTE
    _printf_p                                0x00000000   Number         0  stubs.o ABSOLUTE
    _printf_percent                          0x00000000   Number         0  stubs.o ABSOLUTE
    _printf_pre_padding                      0x00000000   Number         0  stubs.o ABSOLUTE
    _printf_return_value                     0x00000000   Number         0  stubs.o ABSOLUTE
    _printf_s                                0x00000000   Number         0  stubs.o ABSOLUTE
    _printf_sizespec                         0x00000000   Number         0  stubs.o ABSOLUTE
    _printf_str                              0x00000000   Number         0  stubs.o ABSOLUTE
    _printf_truncate_signed                  0x00000000   Number         0  stubs.o ABSOLUTE
    _printf_truncate_unsigned                0x00000000   Number         0  stubs.o ABSOLUTE
    _printf_u                                0x00000000   Number         0  stubs.o ABSOLUTE
    _printf_wc                               0x00000000   Number         0  stubs.o ABSOLUTE
    _printf_wctomb                           0x00000000   Number         0  stubs.o ABSOLUTE
    _printf_widthprec                        0x00000000   Number         0  stubs.o ABSOLUTE
    _printf_x                                0x00000000   Number         0  stubs.o ABSOLUTE
    __cpp_initialize__aeabi_                  - Undefined Weak Reference
    __cxa_finalize                            - Undefined Weak Reference
    _clock_init                               - Undefined Weak Reference
    _microlib_exit                            - Undefined Weak Reference
    __Vectors_Size                           0x00000130   Number         0  startup_stm32f10x_hd.o ABSOLUTE
    __Vectors                                0x08000000   Data           4  startup_stm32f10x_hd.o(RESET)
    __Vectors_End                            0x08000130   Data           0  startup_stm32f10x_hd.o(RESET)
    __main                                   0x08000131   Thumb Code     0  entry.o(.ARM.Collect$$$$00000000)
    _main_stk                                0x08000131   Thumb Code     0  entry2.o(.ARM.Collect$$$$00000001)
    _main_scatterload                        0x08000135   Thumb Code     0  entry5.o(.ARM.Collect$$$$00000004)
    __main_after_scatterload                 0x08000139   Thumb Code     0  entry5.o(.ARM.Collect$$$$00000004)
    _main_clock                              0x08000139   Thumb Code     0  entry7b.o(.ARM.Collect$$$$00000008)
    _main_cpp_init                           0x08000139   Thumb Code     0  entry8b.o(.ARM.Collect$$$$0000000A)
    _main_init                               0x08000139   Thumb Code     0  entry9a.o(.ARM.Collect$$$$0000000B)
    __rt_final_cpp                           0x08000141   Thumb Code     0  entry10a.o(.ARM.Collect$$$$0000000D)
    __rt_final_exit                          0x08000141   Thumb Code     0  entry11a.o(.ARM.Collect$$$$0000000F)
    WFI_SET                                  0x08000145   Thumb Code     2  sys.o(.emb_text)
    INTX_DISABLE                             0x08000147   Thumb Code     2  sys.o(.emb_text)
    INTX_ENABLE                              0x08000149   Thumb Code     2  sys.o(.emb_text)
    MSR_MSP                                  0x0800014b   Thumb Code     6  sys.o(.emb_text)
    Reset_Handler                            0x08000151   Thumb Code     8  startup_stm32f10x_hd.o(.text)
    ADC1_2_IRQHandler                        0x0800016b   Thumb Code     0  startup_stm32f10x_hd.o(.text)
    ADC3_IRQHandler                          0x0800016b   Thumb Code     0  startup_stm32f10x_hd.o(.text)
    CAN1_RX1_IRQHandler                      0x0800016b   Thumb Code     0  startup_stm32f10x_hd.o(.text)
    CAN1_SCE_IRQHandler                      0x0800016b   Thumb Code     0  startup_stm32f10x_hd.o(.text)
    DMA1_Channel1_IRQHandler                 0x0800016b   Thumb Code     0  startup_stm32f10x_hd.o(.text)
    DMA1_Channel2_IRQHandler                 0x0800016b   Thumb Code     0  startup_stm32f10x_hd.o(.text)
    DMA1_Channel3_IRQHandler                 0x0800016b   Thumb Code     0  startup_stm32f10x_hd.o(.text)
    DMA1_Channel4_IRQHandler                 0x0800016b   Thumb Code     0  startup_stm32f10x_hd.o(.text)
    DMA1_Channel5_IRQHandler                 0x0800016b   Thumb Code     0  startup_stm32f10x_hd.o(.text)
    DMA1_Channel6_IRQHandler                 0x0800016b   Thumb Code     0  startup_stm32f10x_hd.o(.text)
    DMA1_Channel7_IRQHandler                 0x0800016b   Thumb Code     0  startup_stm32f10x_hd.o(.text)
    DMA2_Channel1_IRQHandler                 0x0800016b   Thumb Code     0  startup_stm32f10x_hd.o(.text)
    DMA2_Channel2_IRQHandler                 0x0800016b   Thumb Code     0  startup_stm32f10x_hd.o(.text)
    DMA2_Channel3_IRQHandler                 0x0800016b   Thumb Code     0  startup_stm32f10x_hd.o(.text)
    DMA2_Channel4_5_IRQHandler               0x0800016b   Thumb Code     0  startup_stm32f10x_hd.o(.text)
    EXTI0_IRQHandler                         0x0800016b   Thumb Code     0  startup_stm32f10x_hd.o(.text)
    EXTI15_10_IRQHandler                     0x0800016b   Thumb Code     0  startup_stm32f10x_hd.o(.text)
    EXTI4_IRQHandler                         0x0800016b   Thumb Code     0  startup_stm32f10x_hd.o(.text)
    FLASH_IRQHandler                         0x0800016b   Thumb Code     0  startup_stm32f10x_hd.o(.text)
    FSMC_IRQHandler                          0x0800016b   Thumb Code     0  startup_stm32f10x_hd.o(.text)
    I2C1_ER_IRQHandler                       0x0800016b   Thumb Code     0  startup_stm32f10x_hd.o(.text)
    I2C1_EV_IRQHandler                       0x0800016b   Thumb Code     0  startup_stm32f10x_hd.o(.text)
    I2C2_ER_IRQHandler                       0x0800016b   Thumb Code     0  startup_stm32f10x_hd.o(.text)
    I2C2_EV_IRQHandler                       0x0800016b   Thumb Code     0  startup_stm32f10x_hd.o(.text)
    PVD_IRQHandler                           0x0800016b   Thumb Code     0  startup_stm32f10x_hd.o(.text)
    RCC_IRQHandler                           0x0800016b   Thumb Code     0  startup_stm32f10x_hd.o(.text)
    RTCAlarm_IRQHandler                      0x0800016b   Thumb Code     0  startup_stm32f10x_hd.o(.text)
    RTC_IRQHandler                           0x0800016b   Thumb Code     0  startup_stm32f10x_hd.o(.text)
    SDIO_IRQHandler                          0x0800016b   Thumb Code     0  startup_stm32f10x_hd.o(.text)
    SPI1_IRQHandler                          0x0800016b   Thumb Code     0  startup_stm32f10x_hd.o(.text)
    SPI2_IRQHandler                          0x0800016b   Thumb Code     0  startup_stm32f10x_hd.o(.text)
    SPI3_IRQHandler                          0x0800016b   Thumb Code     0  startup_stm32f10x_hd.o(.text)
    TAMPER_IRQHandler                        0x0800016b   Thumb Code     0  startup_stm32f10x_hd.o(.text)
    TIM1_BRK_IRQHandler                      0x0800016b   Thumb Code     0  startup_stm32f10x_hd.o(.text)
    TIM1_CC_IRQHandler                       0x0800016b   Thumb Code     0  startup_stm32f10x_hd.o(.text)
    TIM1_TRG_COM_IRQHandler                  0x0800016b   Thumb Code     0  startup_stm32f10x_hd.o(.text)
    TIM1_UP_IRQHandler                       0x0800016b   Thumb Code     0  startup_stm32f10x_hd.o(.text)
    TIM2_IRQHandler                          0x0800016b   Thumb Code     0  startup_stm32f10x_hd.o(.text)
    TIM4_IRQHandler                          0x0800016b   Thumb Code     0  startup_stm32f10x_hd.o(.text)
    TIM5_IRQHandler                          0x0800016b   Thumb Code     0  startup_stm32f10x_hd.o(.text)
    TIM6_IRQHandler                          0x0800016b   Thumb Code     0  startup_stm32f10x_hd.o(.text)
    TIM7_IRQHandler                          0x0800016b   Thumb Code     0  startup_stm32f10x_hd.o(.text)
    TIM8_BRK_IRQHandler                      0x0800016b   Thumb Code     0  startup_stm32f10x_hd.o(.text)
    TIM8_CC_IRQHandler                       0x0800016b   Thumb Code     0  startup_stm32f10x_hd.o(.text)
    TIM8_TRG_COM_IRQHandler                  0x0800016b   Thumb Code     0  startup_stm32f10x_hd.o(.text)
    TIM8_UP_IRQHandler                       0x0800016b   Thumb Code     0  startup_stm32f10x_hd.o(.text)
    UART4_IRQHandler                         0x0800016b   Thumb Code     0  startup_stm32f10x_hd.o(.text)
    UART5_IRQHandler                         0x0800016b   Thumb Code     0  startup_stm32f10x_hd.o(.text)
    USART3_IRQHandler                        0x0800016b   Thumb Code     0  startup_stm32f10x_hd.o(.text)
    USBWakeUp_IRQHandler                     0x0800016b   Thumb Code     0  startup_stm32f10x_hd.o(.text)
    USB_HP_CAN1_TX_IRQHandler                0x0800016b   Thumb Code     0  startup_stm32f10x_hd.o(.text)
    USB_LP_CAN1_RX0_IRQHandler               0x0800016b   Thumb Code     0  startup_stm32f10x_hd.o(.text)
    WWDG_IRQHandler                          0x0800016b   Thumb Code     0  startup_stm32f10x_hd.o(.text)
    DigitalPIDController62                   0x08000175   Thumb Code   148  main.o(.text)
    DigitalPIDController6                    0x08000209   Thumb Code   148  main.o(.text)
    DigitalPIDController52                   0x0800029d   Thumb Code   148  main.o(.text)
    DigitalPIDController5                    0x08000331   Thumb Code   148  main.o(.text)
    DigitalPIDController42                   0x080003c5   Thumb Code   148  main.o(.text)
    DigitalPIDController4                    0x08000459   Thumb Code   148  main.o(.text)
    DigitalPIDController32                   0x080004ed   Thumb Code   246  main.o(.text)
    DigitalPIDController3                    0x080005e3   Thumb Code   148  main.o(.text)
    DigitalPIDController22                   0x08000677   Thumb Code   148  main.o(.text)
    DigitalPIDController2                    0x0800070b   Thumb Code   148  main.o(.text)
    DigitalPIDController12                   0x0800079f   Thumb Code   148  main.o(.text)
    DigitalPIDController1                    0x08000833   Thumb Code   148  main.o(.text)
    ANGLE                                    0x080008c7   Thumb Code    44  main.o(.text)
    rank6                                    0x080008f3   Thumb Code   702  main.o(.text)
    rank5                                    0x08000bb1   Thumb Code   602  main.o(.text)
    rank4                                    0x08000e0b   Thumb Code   626  main.o(.text)
    rank3                                    0x0800107d   Thumb Code   620  main.o(.text)
    rank2                                    0x080012e9   Thumb Code   602  main.o(.text)
    rank1                                    0x08001543   Thumb Code   628  main.o(.text)
    MID_FILTER                               0x080017b7   Thumb Code  1150  main.o(.text)
    LED_Init                                 0x08001c35   Thumb Code    52  main.o(.text)
    NVIC_Configuration                       0x08001c69   Thumb Code    76  main.o(.text)
    uart_init                                0x08001cb5   Thumb Code   294  main.o(.text)
    GPIO_Configuration                       0x08001ddb   Thumb Code   168  main.o(.text)
    RCC_Configuration                        0x08001e83   Thumb Code   182  main.o(.text)
    main                                     0x08001f39   Thumb Code  3790  main.o(.text)
    RCC_HSE_Configuration                    0x08002e3d   Thumb Code    90  pbdata.o(.text)
    delay_init                               0x08002e97   Thumb Code    56  pbdata.o(.text)
    delay_us                                 0x08002ecf   Thumb Code    56  pbdata.o(.text)
    delay_ms                                 0x08002f07   Thumb Code    56  pbdata.o(.text)
    fputc                                    0x08002f3f   Thumb Code    32  pbdata.o(.text)
    NMI_Handler                              0x08002f6d   Thumb Code     2  stm32f10x_it.o(.text)
    USART1_IRQHandler                        0x08002f6f   Thumb Code   370  stm32f10x_it.o(.text)
    USART2_IRQHandler                        0x080030e1   Thumb Code    60  stm32f10x_it.o(.text)
    HardFault_Handler                        0x0800311d   Thumb Code     4  stm32f10x_it.o(.text)
    MemManage_Handler                        0x08003121   Thumb Code     4  stm32f10x_it.o(.text)
    BusFault_Handler                         0x08003125   Thumb Code     4  stm32f10x_it.o(.text)
    UsageFault_Handler                       0x08003129   Thumb Code     4  stm32f10x_it.o(.text)
    SVC_Handler                              0x0800312d   Thumb Code     2  stm32f10x_it.o(.text)
    DebugMon_Handler                         0x0800312f   Thumb Code     2  stm32f10x_it.o(.text)
    PendSV_Handler                           0x08003131   Thumb Code     2  stm32f10x_it.o(.text)
    SysTick_Handler                          0x08003133   Thumb Code     2  stm32f10x_it.o(.text)
    TIM3_IRQHandler                          0x08003135   Thumb Code     2  stm32f10x_it.o(.text)
    EXTI9_5_IRQHandler                       0x08003137   Thumb Code     2  stm32f10x_it.o(.text)
    EXTI1_IRQHandler                         0x08003139   Thumb Code     2  stm32f10x_it.o(.text)
    EXTI2_IRQHandler                         0x0800313b   Thumb Code     2  stm32f10x_it.o(.text)
    EXTI3_IRQHandler                         0x0800313d   Thumb Code     2  stm32f10x_it.o(.text)
    IIC_Init                                 0x08003161   Thumb Code    54  i2c.o(.text)
    IIC_Start                                0x08003197   Thumb Code    62  i2c.o(.text)
    IIC_Stop                                 0x080031d5   Thumb Code    66  i2c.o(.text)
    IIC_Wait_Ack                             0x08003217   Thumb Code    76  i2c.o(.text)
    IIC_Ack                                  0x08003263   Thumb Code    56  i2c.o(.text)
    IIC_NAck                                 0x0800329b   Thumb Code    54  i2c.o(.text)
    IIC_Send_Byte                            0x080032d1   Thumb Code    70  i2c.o(.text)
    IIC_Read_Byte                            0x08003317   Thumb Code   100  i2c.o(.text)
    sendbytes                                0x08003391   Thumb Code    78  at24cxx.o(.text)
    readbytes                                0x080033df   Thumb Code    42  at24cxx.o(.text)
    get_crc                                  0x08003409   Thumb Code    42  at24cxx.o(.text)
    read_temp                                0x08003433   Thumb Code   134  at24cxx.o(.text)
    set_angle                                0x080034b9   Thumb Code   200  at24cxx.o(.text)
    read_angle                               0x08003581   Thumb Code   286  at24cxx.o(.text)
    enable                                   0x0800369f   Thumb Code   100  at24cxx.o(.text)
    enables                                  0x08003703   Thumb Code   202  at24cxx.o(.text)
    set_ID                                   0x080037cd   Thumb Code   100  at24cxx.o(.text)
    set_baud                                 0x08003831   Thumb Code   100  at24cxx.o(.text)
    set_bauds                                0x08003895   Thumb Code   146  at24cxx.o(.text)
    set_LED                                  0x08003927   Thumb Code   100  at24cxx.o(.text)
    set_mode                                 0x0800398b   Thumb Code   108  at24cxx.o(.text)
    vel_mode                                 0x080039f7   Thumb Code    14  at24cxx.o(.text)
    set_modes                                0x08003a05   Thumb Code   152  at24cxx.o(.text)
    vel_modes                                0x08003a9d   Thumb Code    10  at24cxx.o(.text)
    pos_mode                                 0x08003aa7   Thumb Code    14  at24cxx.o(.text)
    pos_modes                                0x08003ab5   Thumb Code    10  at24cxx.o(.text)
    read_speed                               0x08003abf   Thumb Code   180  at24cxx.o(.text)
    set_speed                                0x08003b73   Thumb Code   158  at24cxx.o(.text)
    set_same_speeds                          0x08003c11   Thumb Code   234  at24cxx.o(.text)
    set_speeds                               0x08003cfb   Thumb Code   270  at24cxx.o(.text)
    set_same_angles                          0x08003e09   Thumb Code   364  at24cxx.o(.text)
    set_angles                               0x08003f75   Thumb Code   306  at24cxx.o(.text)
    set_speed_range                          0x080040a7   Thumb Code   120  at24cxx.o(.text)
    set_angle_range                          0x0800411f   Thumb Code   150  at24cxx.o(.text)
    read_error                               0x080041b5   Thumb Code   134  at24cxx.o(.text)
    reboot                                   0x0800423b   Thumb Code    82  at24cxx.o(.text)
    read_mode                                0x0800428d   Thumb Code   134  at24cxx.o(.text)
    set_temp_range                           0x08004313   Thumb Code   162  at24cxx.o(.text)
    cur_mode                                 0x080043b5   Thumb Code    14  at24cxx.o(.text)
    cur_modes                                0x080043c3   Thumb Code    10  at24cxx.o(.text)
    set_current                              0x080043cd   Thumb Code   108  at24cxx.o(.text)
    set_currents                             0x08004439   Thumb Code   164  at24cxx.o(.text)
    set_current_range                        0x080044dd   Thumb Code   108  at24cxx.o(.text)
    read_current                             0x08004549   Thumb Code   144  at24cxx.o(.text)
    set_return_delay                         0x080045d9   Thumb Code   100  at24cxx.o(.text)
    read_angles                              0x0800463d   Thumb Code   374  at24cxx.o(.text)
    read_speeds                              0x080047b3   Thumb Code   226  at24cxx.o(.text)
    set_all                                  0x08004895   Thumb Code   614  at24cxx.o(.text)
    read_all                                 0x08004afb   Thumb Code   514  at24cxx.o(.text)
    set_acc                                  0x08004cfd   Thumb Code   154  at24cxx.o(.text)
    set_vel                                  0x08004d97   Thumb Code   154  at24cxx.o(.text)
    set_accs                                 0x08004e31   Thumb Code   256  at24cxx.o(.text)
    set_vels                                 0x08004f31   Thumb Code   280  at24cxx.o(.text)
    set_angle_VA                             0x08005049   Thumb Code   402  at24cxx.o(.text)
    set_speed_A                              0x080051db   Thumb Code   224  at24cxx.o(.text)
    set_angles_VA                            0x080052bb   Thumb Code   676  at24cxx.o(.text)
    set_speeds_A                             0x0800555f   Thumb Code   402  at24cxx.o(.text)
    set_all_VAV                              0x080056f1   Thumb Code   924  at24cxx.o(.text)
    MY_NVIC_SetVectorTable                   0x08005a8d   Thumb Code    12  sys.o(.text)
    MY_NVIC_PriorityGroupConfig              0x08005a99   Thumb Code    36  sys.o(.text)
    MY_NVIC_Init                             0x08005abd   Thumb Code   116  sys.o(.text)
    Ex_NVIC_Config                           0x08005b31   Thumb Code   146  sys.o(.text)
    MYRCC_DeInit                             0x08005bc3   Thumb Code    90  sys.o(.text)
    Sys_Standby                              0x08005c1d   Thumb Code    68  sys.o(.text)
    Sys_Soft_Reset                           0x08005c61   Thumb Code    12  sys.o(.text)
    JTAG_Set                                 0x08005c6d   Thumb Code    42  sys.o(.text)
    Stm32_Clock_Init                         0x08005c97   Thumb Code   134  sys.o(.text)
    AS5048B_Init                             0x08005d49   Thumb Code     8  as5048b.o(.text)
    AS5048B_ReadOneByte                      0x08005d51   Thumb Code    64  as5048b.o(.text)
    GPIO_DeInit                              0x08005d91   Thumb Code   172  stm32f10x_gpio.o(.text)
    GPIO_AFIODeInit                          0x08005e3d   Thumb Code    20  stm32f10x_gpio.o(.text)
    GPIO_Init                                0x08005e51   Thumb Code   278  stm32f10x_gpio.o(.text)
    GPIO_StructInit                          0x08005f67   Thumb Code    16  stm32f10x_gpio.o(.text)
    GPIO_ReadInputDataBit                    0x08005f77   Thumb Code    18  stm32f10x_gpio.o(.text)
    GPIO_ReadInputData                       0x08005f89   Thumb Code     8  stm32f10x_gpio.o(.text)
    GPIO_ReadOutputDataBit                   0x08005f91   Thumb Code    18  stm32f10x_gpio.o(.text)
    GPIO_ReadOutputData                      0x08005fa3   Thumb Code     8  stm32f10x_gpio.o(.text)
    GPIO_SetBits                             0x08005fab   Thumb Code     4  stm32f10x_gpio.o(.text)
    GPIO_ResetBits                           0x08005faf   Thumb Code     4  stm32f10x_gpio.o(.text)
    GPIO_WriteBit                            0x08005fb3   Thumb Code    10  stm32f10x_gpio.o(.text)
    GPIO_Write                               0x08005fbd   Thumb Code     4  stm32f10x_gpio.o(.text)
    GPIO_PinLockConfig                       0x08005fc1   Thumb Code    18  stm32f10x_gpio.o(.text)
    GPIO_EventOutputConfig                   0x08005fd3   Thumb Code    26  stm32f10x_gpio.o(.text)
    GPIO_EventOutputCmd                      0x08005fed   Thumb Code     6  stm32f10x_gpio.o(.text)
    GPIO_PinRemapConfig                      0x08005ff3   Thumb Code   138  stm32f10x_gpio.o(.text)
    GPIO_EXTILineConfig                      0x0800607d   Thumb Code    66  stm32f10x_gpio.o(.text)
    GPIO_ETH_MediaInterfaceConfig            0x080060bf   Thumb Code     8  stm32f10x_gpio.o(.text)
    RCC_DeInit                               0x080060ed   Thumb Code    64  stm32f10x_rcc.o(.text)
    RCC_HSEConfig                            0x0800612d   Thumb Code    70  stm32f10x_rcc.o(.text)
    RCC_GetFlagStatus                        0x08006173   Thumb Code    56  stm32f10x_rcc.o(.text)
    RCC_WaitForHSEStartUp                    0x080061ab   Thumb Code    56  stm32f10x_rcc.o(.text)
    RCC_AdjustHSICalibrationValue            0x080061e3   Thumb Code    20  stm32f10x_rcc.o(.text)
    RCC_HSICmd                               0x080061f7   Thumb Code     6  stm32f10x_rcc.o(.text)
    RCC_PLLConfig                            0x080061fd   Thumb Code    24  stm32f10x_rcc.o(.text)
    RCC_PLLCmd                               0x08006215   Thumb Code     6  stm32f10x_rcc.o(.text)
    RCC_SYSCLKConfig                         0x0800621b   Thumb Code    18  stm32f10x_rcc.o(.text)
    RCC_GetSYSCLKSource                      0x0800622d   Thumb Code    10  stm32f10x_rcc.o(.text)
    RCC_HCLKConfig                           0x08006237   Thumb Code    18  stm32f10x_rcc.o(.text)
    RCC_PCLK1Config                          0x08006249   Thumb Code    18  stm32f10x_rcc.o(.text)
    RCC_PCLK2Config                          0x0800625b   Thumb Code    20  stm32f10x_rcc.o(.text)
    RCC_ITConfig                             0x0800626f   Thumb Code    26  stm32f10x_rcc.o(.text)
    RCC_USBCLKConfig                         0x08006289   Thumb Code     8  stm32f10x_rcc.o(.text)
    RCC_ADCCLKConfig                         0x08006291   Thumb Code    18  stm32f10x_rcc.o(.text)
    RCC_LSEConfig                            0x080062a3   Thumb Code    50  stm32f10x_rcc.o(.text)
    RCC_LSICmd                               0x080062d5   Thumb Code     6  stm32f10x_rcc.o(.text)
    RCC_RTCCLKConfig                         0x080062db   Thumb Code    12  stm32f10x_rcc.o(.text)
    RCC_RTCCLKCmd                            0x080062e7   Thumb Code     8  stm32f10x_rcc.o(.text)
    RCC_GetClocksFreq                        0x080062ef   Thumb Code   192  stm32f10x_rcc.o(.text)
    RCC_AHBPeriphClockCmd                    0x080063af   Thumb Code    26  stm32f10x_rcc.o(.text)
    RCC_APB2PeriphClockCmd                   0x080063c9   Thumb Code    26  stm32f10x_rcc.o(.text)
    RCC_APB1PeriphClockCmd                   0x080063e3   Thumb Code    26  stm32f10x_rcc.o(.text)
    RCC_APB2PeriphResetCmd                   0x080063fd   Thumb Code    26  stm32f10x_rcc.o(.text)
    RCC_APB1PeriphResetCmd                   0x08006417   Thumb Code    26  stm32f10x_rcc.o(.text)
    RCC_BackupResetCmd                       0x08006431   Thumb Code     8  stm32f10x_rcc.o(.text)
    RCC_ClockSecuritySystemCmd               0x08006439   Thumb Code     6  stm32f10x_rcc.o(.text)
    RCC_MCOConfig                            0x0800643f   Thumb Code     6  stm32f10x_rcc.o(.text)
    RCC_ClearFlag                            0x08006445   Thumb Code    14  stm32f10x_rcc.o(.text)
    RCC_GetITStatus                          0x08006453   Thumb Code    20  stm32f10x_rcc.o(.text)
    RCC_ClearITPendingBit                    0x08006467   Thumb Code     6  stm32f10x_rcc.o(.text)
    NVIC_PriorityGroupConfig                 0x08006491   Thumb Code    10  misc.o(.text)
    NVIC_Init                                0x0800649b   Thumb Code   100  misc.o(.text)
    NVIC_SetVectorTable                      0x080064ff   Thumb Code    14  misc.o(.text)
    NVIC_SystemLPConfig                      0x0800650d   Thumb Code    34  misc.o(.text)
    SysTick_CLKSourceConfig                  0x0800652f   Thumb Code    40  misc.o(.text)
    USART_DeInit                             0x0800656d   Thumb Code   134  stm32f10x_usart.o(.text)
    USART_Init                               0x080065f3   Thumb Code   210  stm32f10x_usart.o(.text)
    USART_StructInit                         0x080066c5   Thumb Code    24  stm32f10x_usart.o(.text)
    USART_ClockInit                          0x080066dd   Thumb Code    34  stm32f10x_usart.o(.text)
    USART_ClockStructInit                    0x080066ff   Thumb Code    12  stm32f10x_usart.o(.text)
    USART_Cmd                                0x0800670b   Thumb Code    24  stm32f10x_usart.o(.text)
    USART_ITConfig                           0x08006723   Thumb Code    74  stm32f10x_usart.o(.text)
    USART_DMACmd                             0x0800676d   Thumb Code    18  stm32f10x_usart.o(.text)
    USART_SetAddress                         0x0800677f   Thumb Code    18  stm32f10x_usart.o(.text)
    USART_WakeUpConfig                       0x08006791   Thumb Code    18  stm32f10x_usart.o(.text)
    USART_ReceiverWakeUpCmd                  0x080067a3   Thumb Code    24  stm32f10x_usart.o(.text)
    USART_LINBreakDetectLengthConfig         0x080067bb   Thumb Code    18  stm32f10x_usart.o(.text)
    USART_LINCmd                             0x080067cd   Thumb Code    24  stm32f10x_usart.o(.text)
    USART_SendData                           0x080067e5   Thumb Code     8  stm32f10x_usart.o(.text)
    USART_ReceiveData                        0x080067ed   Thumb Code    10  stm32f10x_usart.o(.text)
    USART_SendBreak                          0x080067f7   Thumb Code    10  stm32f10x_usart.o(.text)
    USART_SetGuardTime                       0x08006801   Thumb Code    16  stm32f10x_usart.o(.text)
    USART_SetPrescaler                       0x08006811   Thumb Code    16  stm32f10x_usart.o(.text)
    USART_SmartCardCmd                       0x08006821   Thumb Code    24  stm32f10x_usart.o(.text)
    USART_SmartCardNACKCmd                   0x08006839   Thumb Code    24  stm32f10x_usart.o(.text)
    USART_HalfDuplexCmd                      0x08006851   Thumb Code    24  stm32f10x_usart.o(.text)
    USART_OverSampling8Cmd                   0x08006869   Thumb Code    22  stm32f10x_usart.o(.text)
    USART_OneBitMethodCmd                    0x0800687f   Thumb Code    24  stm32f10x_usart.o(.text)
    USART_IrDAConfig                         0x08006897   Thumb Code    18  stm32f10x_usart.o(.text)
    USART_IrDACmd                            0x080068a9   Thumb Code    24  stm32f10x_usart.o(.text)
    USART_GetFlagStatus                      0x080068c1   Thumb Code    26  stm32f10x_usart.o(.text)
    USART_ClearFlag                          0x080068db   Thumb Code    18  stm32f10x_usart.o(.text)
    USART_GetITStatus                        0x080068ed   Thumb Code    84  stm32f10x_usart.o(.text)
    USART_ClearITPendingBit                  0x08006941   Thumb Code    52  stm32f10x_usart.o(.text)
    SystemInit                               0x08006a53   Thumb Code    78  system_stm32f10x.o(.text)
    SystemCoreClockUpdate                    0x08006aa1   Thumb Code   142  system_stm32f10x.o(.text)
    __aeabi_memset                           0x08006b55   Thumb Code    14  memseta.o(.text)
    __aeabi_memset4                          0x08006b55   Thumb Code     0  memseta.o(.text)
    __aeabi_memset8                          0x08006b55   Thumb Code     0  memseta.o(.text)
    __aeabi_memclr                           0x08006b63   Thumb Code     4  memseta.o(.text)
    __aeabi_memclr4                          0x08006b63   Thumb Code     0  memseta.o(.text)
    __aeabi_memclr8                          0x08006b63   Thumb Code     0  memseta.o(.text)
    _memset$wrapper                          0x08006b67   Thumb Code    18  memseta.o(.text)
    __aeabi_fadd                             0x08006b79   Thumb Code   164  fadd.o(.text)
    __aeabi_fsub                             0x08006c1d   Thumb Code     6  fadd.o(.text)
    __aeabi_frsub                            0x08006c23   Thumb Code     6  fadd.o(.text)
    __aeabi_fmul                             0x08006c29   Thumb Code   100  fmul.o(.text)
    __aeabi_fdiv                             0x08006c8d   Thumb Code   124  fdiv.o(.text)
    __aeabi_dadd                             0x08006d09   Thumb Code   322  dadd.o(.text)
    __aeabi_dsub                             0x08006e4b   Thumb Code     6  dadd.o(.text)
    __aeabi_drsub                            0x08006e51   Thumb Code     6  dadd.o(.text)
    __aeabi_dmul                             0x08006e57   Thumb Code   228  dmul.o(.text)
    __aeabi_ddiv                             0x08006f3b   Thumb Code   222  ddiv.o(.text)
    __aeabi_i2f                              0x08007019   Thumb Code    18  fflti.o(.text)
    __aeabi_ui2f                             0x0800702b   Thumb Code    10  ffltui.o(.text)
    __aeabi_i2d                              0x08007035   Thumb Code    34  dflti.o(.text)
    __aeabi_f2iz                             0x08007057   Thumb Code    50  ffixi.o(.text)
    __aeabi_f2uiz                            0x08007089   Thumb Code    40  ffixui.o(.text)
    __aeabi_d2uiz                            0x080070b1   Thumb Code    50  dfixui.o(.text)
    __aeabi_f2d                              0x080070e3   Thumb Code    38  f2d.o(.text)
    __aeabi_cdcmpeq                          0x08007109   Thumb Code     0  cdcmple.o(.text)
    __aeabi_cdcmple                          0x08007109   Thumb Code    48  cdcmple.o(.text)
    __aeabi_cdrcmple                         0x08007139   Thumb Code    48  cdrcmple.o(.text)
    __aeabi_d2f                              0x08007169   Thumb Code    56  d2f.o(.text)
    __aeabi_cfcmpeq                          0x080071a1   Thumb Code     0  cfcmple.o(.text)
    __aeabi_cfcmple                          0x080071a1   Thumb Code    20  cfcmple.o(.text)
    __aeabi_cfrcmple                         0x080071b5   Thumb Code    20  cfrcmple.o(.text)
    __aeabi_uidiv                            0x080071c9   Thumb Code     0  uidiv.o(.text)
    __aeabi_uidivmod                         0x080071c9   Thumb Code    44  uidiv.o(.text)
    __aeabi_uldivmod                         0x080071f5   Thumb Code    98  uldiv.o(.text)
    __aeabi_llsl                             0x08007257   Thumb Code    30  llshl.o(.text)
    _ll_shift_l                              0x08007257   Thumb Code     0  llshl.o(.text)
    __aeabi_llsr                             0x08007275   Thumb Code    32  llushr.o(.text)
    _ll_ushift_r                             0x08007275   Thumb Code     0  llushr.o(.text)
    __aeabi_lasr                             0x08007295   Thumb Code    36  llsshr.o(.text)
    _ll_sshift_r                             0x08007295   Thumb Code     0  llsshr.o(.text)
    __I$use$fp                               0x080072b9   Thumb Code     0  iusefp.o(.text)
    _float_round                             0x080072b9   Thumb Code    18  fepilogue.o(.text)
    _float_epilogue                          0x080072cb   Thumb Code    92  fepilogue.o(.text)
    _double_round                            0x08007327   Thumb Code    30  depilogue.o(.text)
    _double_epilogue                         0x08007345   Thumb Code   156  depilogue.o(.text)
    __ARM_scalbn                             0x080073e1   Thumb Code    46  dscalb.o(.text)
    scalbn                                   0x080073e1   Thumb Code     0  dscalb.o(.text)
    __aeabi_d2ulz                            0x0800740f   Thumb Code    48  dfixul.o(.text)
    __scatterload                            0x08007441   Thumb Code    28  init.o(.text)
    __scatterload_rt2                        0x08007441   Thumb Code     0  init.o(.text)
    _dsqrt                                   0x08007465   Thumb Code   162  dsqrt.o(.text)
    __decompress                             0x08007507   Thumb Code     0  __dczerorl2.o(.text)
    __decompress1                            0x08007507   Thumb Code    86  __dczerorl2.o(.text)
    __0printf                                0x0800755d   Thumb Code    22  printfa.o(i.__0printf)
    __1printf                                0x0800755d   Thumb Code     0  printfa.o(i.__0printf)
    __2printf                                0x0800755d   Thumb Code     0  printfa.o(i.__0printf)
    __c89printf                              0x0800755d   Thumb Code     0  printfa.o(i.__0printf)
    printf                                   0x0800755d   Thumb Code     0  printfa.o(i.__0printf)
    __ARM_fpclassify                         0x0800757d   Thumb Code    40  fpclassify.o(i.__ARM_fpclassify)
    __kernel_poly                            0x080075a5   Thumb Code   170  poly.o(i.__kernel_poly)
    __mathlib_dbl_divzero                    0x08007651   Thumb Code    12  dunder.o(i.__mathlib_dbl_divzero)
    __mathlib_dbl_infnan2                    0x08007661   Thumb Code     4  dunder.o(i.__mathlib_dbl_infnan2)
    __mathlib_dbl_invalid                    0x08007665   Thumb Code    12  dunder.o(i.__mathlib_dbl_invalid)
    __mathlib_dbl_overflow                   0x08007671   Thumb Code    14  dunder.o(i.__mathlib_dbl_overflow)
    __mathlib_dbl_underflow                  0x08007681   Thumb Code    10  dunder.o(i.__mathlib_dbl_underflow)
    __scatterload_copy                       0x08007691   Thumb Code    14  handlers.o(i.__scatterload_copy)
    __scatterload_null                       0x0800769f   Thumb Code     2  handlers.o(i.__scatterload_null)
    __scatterload_zeroinit                   0x080076a1   Thumb Code    14  handlers.o(i.__scatterload_zeroinit)
    __set_errno                              0x080076b1   Thumb Code     6  errno.o(i.__set_errno)
    pow                                      0x08007f71   Thumb Code  2512  pow.o(i.pow)
    sqrt                                     0x08008949   Thumb Code    76  sqrt.o(i.sqrt)
    crc_table                                0x08008994   Data         512  at24cxx.o(.constdata)
    __mathlib_zero                           0x08008c20   Data           8  qnan.o(.constdata)
    Region$$Table$$Base                      0x08008c28   Number         0  anon$$obj.o(Region$$Table)
    Region$$Table$$Limit                     0x08008c48   Number         0  anon$$obj.o(Region$$Table)
    AS5048B_ADDR1                            0x20000000   Data           1  main.o(.data)
    AS5048B_ADDR2                            0x20000001   Data           1  main.o(.data)
    AS5048B_ADDR3                            0x20000002   Data           1  main.o(.data)
    AS5048B_ADDR4                            0x20000003   Data           1  main.o(.data)
    AS5048B_ADDR5                            0x20000004   Data           1  main.o(.data)
    AS5048B_ADDR6                            0x20000005   Data           1  main.o(.data)
    AS5048B_ADDR7                            0x20000006   Data           1  main.o(.data)
    AS5048B_ADDR8                            0x20000007   Data           1  main.o(.data)
    buffer1                                  0x20000008   Data           6  main.o(.data)
    buffer2                                  0x2000000e   Data           6  main.o(.data)
    buffer3                                  0x20000014   Data           6  main.o(.data)
    buffer4                                  0x2000001a   Data           6  main.o(.data)
    buffer5                                  0x20000020   Data           6  main.o(.data)
    buffer6                                  0x20000026   Data           6  main.o(.data)
    buffer7                                  0x2000002c   Data           6  main.o(.data)
    buffer8                                  0x20000032   Data           6  main.o(.data)
    i                                        0x20000038   Data           4  main.o(.data)
    LSEA                                     0x2000003c   Data           4  main.o(.data)
    TSEA                                     0x20000040   Data          24  main.o(.data)
    Tr1                                      0x20000058   Data           4  main.o(.data)
    Tr2                                      0x2000005c   Data           4  main.o(.data)
    Tr3                                      0x20000060   Data           4  main.o(.data)
    Tr4                                      0x20000064   Data           4  main.o(.data)
    Tr5                                      0x20000068   Data           4  main.o(.data)
    Tr6                                      0x2000006c   Data           4  main.o(.data)
    KSEA                                     0x20000070   Data           4  main.o(.data)
    uk1                                      0x20000074   Data           4  main.o(.data)
    ek1                                      0x20000078   Data           4  main.o(.data)
    uk12                                     0x2000007c   Data           4  main.o(.data)
    uk2                                      0x20000080   Data           4  main.o(.data)
    ek2                                      0x20000084   Data           4  main.o(.data)
    uk22                                     0x20000088   Data           4  main.o(.data)
    uk3                                      0x2000008c   Data           4  main.o(.data)
    ek3                                      0x20000090   Data           4  main.o(.data)
    uk32                                     0x20000094   Data           4  main.o(.data)
    uk4                                      0x20000098   Data           4  main.o(.data)
    ek4                                      0x2000009c   Data           4  main.o(.data)
    uk42                                     0x200000a0   Data           4  main.o(.data)
    uk5                                      0x200000a4   Data           4  main.o(.data)
    ek5                                      0x200000a8   Data           4  main.o(.data)
    uk52                                     0x200000ac   Data           4  main.o(.data)
    uk6                                      0x200000b0   Data           4  main.o(.data)
    ek6                                      0x200000b4   Data           4  main.o(.data)
    uk62                                     0x200000b8   Data           4  main.o(.data)
    Kp                                       0x200000bc   Data           4  main.o(.data)
    Ki                                       0x200000c0   Data           4  main.o(.data)
    Kd                                       0x200000c4   Data           4  main.o(.data)
    Kp2                                      0x200000c8   Data           4  main.o(.data)
    Ki2                                      0x200000cc   Data           4  main.o(.data)
    Kd2                                      0x200000d0   Data           4  main.o(.data)
    out1                                     0x200000d4   Data           6  main.o(.data)
    out2                                     0x200000da   Data           6  main.o(.data)
    out3                                     0x200000e0   Data           6  main.o(.data)
    out4                                     0x200000e6   Data           6  main.o(.data)
    out5                                     0x200000ec   Data           6  main.o(.data)
    out6                                     0x200000f2   Data           6  main.o(.data)
    v1                                       0x200000f8   Data           4  main.o(.data)
    v2                                       0x200000fc   Data           4  main.o(.data)
    dt                                       0x20000100   Data           1  pbdata.o(.data)
    UART1_RX_CNT                             0x20000104   Data           1  stm32f10x_it.o(.data)
    RS485_RX_CNT                             0x20000105   Data           1  stm32f10x_it.o(.data)
    SystemCoreClock                          0x2000011c   Data           4  system_stm32f10x.o(.data)
    AHBPrescTable                            0x20000120   Data          16  system_stm32f10x.o(.data)
    __stdout                                 0x20000130   Data           4  stdout.o(.data)
    NowAngle                                 0x20000138   Data          24  main.o(.bss)
    InitAngle                                0x20000150   Data          24  main.o(.bss)
    speeds                                   0x20000168   Data          24  main.o(.bss)
    resAngles0                               0x20000180   Data          24  main.o(.bss)
    setAngles                                0x20000198   Data          24  main.o(.bss)
    EMotorAngle                              0x200001b0   Data          24  main.o(.bss)
    m                                        0x200001c8   Data          24  main.o(.bss)
    Ek1                                      0x200001e0   Data          16  main.o(.bss)
    Ek12                                     0x200001f0   Data          16  main.o(.bss)
    Ek2                                      0x20000200   Data          16  main.o(.bss)
    Ek22                                     0x20000210   Data          16  main.o(.bss)
    Ek3                                      0x20000220   Data          16  main.o(.bss)
    Ek32                                     0x20000230   Data          16  main.o(.bss)
    Ek4                                      0x20000240   Data          16  main.o(.bss)
    Ek42                                     0x20000250   Data          16  main.o(.bss)
    Ek5                                      0x20000260   Data          16  main.o(.bss)
    Ek52                                     0x20000270   Data          16  main.o(.bss)
    Ek6                                      0x20000280   Data          16  main.o(.bss)
    Ek62                                     0x20000290   Data          16  main.o(.bss)
    a1                                       0x200002a0   Data         404  main.o(.bss)
    b1                                       0x20000434   Data         404  main.o(.bss)
    a2                                       0x200005c8   Data         404  main.o(.bss)
    b2                                       0x2000075c   Data         404  main.o(.bss)
    a3                                       0x200008f0   Data         404  main.o(.bss)
    b3                                       0x20000a84   Data         404  main.o(.bss)
    a4                                       0x20000c18   Data         404  main.o(.bss)
    b4                                       0x20000dac   Data         404  main.o(.bss)
    a5                                       0x20000f40   Data         404  main.o(.bss)
    b5                                       0x200010d4   Data         404  main.o(.bss)
    a6                                       0x20001268   Data         404  main.o(.bss)
    b6                                       0x200013fc   Data         404  main.o(.bss)
    UART1_RX_BUF                             0x20001590   Data          50  stm32f10x_it.o(.bss)
    resAngles                                0x200015c4   Data          24  stm32f10x_it.o(.bss)
    RS485_RX_BUF                             0x200015dc   Data         128  stm32f10x_it.o(.bss)
    __initial_sp                             0x20001a60   Data           0  startup_stm32f10x_hd.o(STACK)



==============================================================================

Memory Map of the image

  Image Entry point : 0x08000131

  Load Region LR_IROM1 (Base: 0x08000000, Size: 0x00008d80, Max: 0x00080000, ABSOLUTE, COMPRESSED[0x00008c8c])

    Execution Region ER_IROM1 (Exec base: 0x08000000, Load base: 0x08000000, Size: 0x00008c48, Max: 0x00080000, ABSOLUTE)

    Exec Addr    Load Addr    Size         Type   Attr      Idx    E Section Name        Object

    0x08000000   0x08000000   0x00000130   Data   RO            3    RESET               startup_stm32f10x_hd.o
    0x08000130   0x08000130   0x00000000   Code   RO          328  * .ARM.Collect$$$$00000000  mc_w.l(entry.o)
    0x08000130   0x08000130   0x00000004   Code   RO          657    .ARM.Collect$$$$00000001  mc_w.l(entry2.o)
    0x08000134   0x08000134   0x00000004   Code   RO          660    .ARM.Collect$$$$00000004  mc_w.l(entry5.o)
    0x08000138   0x08000138   0x00000000   Code   RO          662    .ARM.Collect$$$$00000008  mc_w.l(entry7b.o)
    0x08000138   0x08000138   0x00000000   Code   RO          664    .ARM.Collect$$$$0000000A  mc_w.l(entry8b.o)
    0x08000138   0x08000138   0x00000008   Code   RO          665    .ARM.Collect$$$$0000000B  mc_w.l(entry9a.o)
    0x08000140   0x08000140   0x00000000   Code   RO          667    .ARM.Collect$$$$0000000D  mc_w.l(entry10a.o)
    0x08000140   0x08000140   0x00000000   Code   RO          669    .ARM.Collect$$$$0000000F  mc_w.l(entry11a.o)
    0x08000140   0x08000140   0x00000004   Code   RO          658    .ARM.Collect$$$$00002712  mc_w.l(entry2.o)
    0x08000144   0x08000144   0x0000000c   Code   RO          162    .emb_text           sys.o
    0x08000150   0x08000150   0x00000024   Code   RO            4    .text               startup_stm32f10x_hd.o
    0x08000174   0x08000174   0x00002cc8   Code   RO           10    .text               main.o
    0x08002e3c   0x08002e3c   0x00000130   Code   RO           93    .text               pbdata.o
    0x08002f6c   0x08002f6c   0x000001f4   Code   RO          112    .text               stm32f10x_it.o
    0x08003160   0x08003160   0x00000230   Code   RO          135    .text               i2c.o
    0x08003390   0x08003390   0x000026fc   Code   RO          147    .text               at24cxx.o
    0x08005a8c   0x08005a8c   0x000002bc   Code   RO          163    .text               sys.o
    0x08005d48   0x08005d48   0x00000048   Code   RO          178    .text               as5048b.o
    0x08005d90   0x08005d90   0x0000035c   Code   RO          209    .text               stm32f10x_gpio.o
    0x080060ec   0x080060ec   0x000003a4   Code   RO          221    .text               stm32f10x_rcc.o
    0x08006490   0x08006490   0x000000dc   Code   RO          235    .text               misc.o
    0x0800656c   0x0800656c   0x00000408   Code   RO          271    .text               stm32f10x_usart.o
    0x08006974   0x08006974   0x000001e0   Code   RO          293    .text               system_stm32f10x.o
    0x08006b54   0x08006b54   0x00000024   Code   RO          331    .text               mc_w.l(memseta.o)
    0x08006b78   0x08006b78   0x000000b0   Code   RO          594    .text               mf_w.l(fadd.o)
    0x08006c28   0x08006c28   0x00000064   Code   RO          596    .text               mf_w.l(fmul.o)
    0x08006c8c   0x08006c8c   0x0000007c   Code   RO          598    .text               mf_w.l(fdiv.o)
    0x08006d08   0x08006d08   0x0000014e   Code   RO          600    .text               mf_w.l(dadd.o)
    0x08006e56   0x08006e56   0x000000e4   Code   RO          602    .text               mf_w.l(dmul.o)
    0x08006f3a   0x08006f3a   0x000000de   Code   RO          604    .text               mf_w.l(ddiv.o)
    0x08007018   0x08007018   0x00000012   Code   RO          606    .text               mf_w.l(fflti.o)
    0x0800702a   0x0800702a   0x0000000a   Code   RO          608    .text               mf_w.l(ffltui.o)
    0x08007034   0x08007034   0x00000022   Code   RO          610    .text               mf_w.l(dflti.o)
    0x08007056   0x08007056   0x00000032   Code   RO          612    .text               mf_w.l(ffixi.o)
    0x08007088   0x08007088   0x00000028   Code   RO          614    .text               mf_w.l(ffixui.o)
    0x080070b0   0x080070b0   0x00000032   Code   RO          616    .text               mf_w.l(dfixui.o)
    0x080070e2   0x080070e2   0x00000026   Code   RO          618    .text               mf_w.l(f2d.o)
    0x08007108   0x08007108   0x00000030   Code   RO          620    .text               mf_w.l(cdcmple.o)
    0x08007138   0x08007138   0x00000030   Code   RO          622    .text               mf_w.l(cdrcmple.o)
    0x08007168   0x08007168   0x00000038   Code   RO          624    .text               mf_w.l(d2f.o)
    0x080071a0   0x080071a0   0x00000014   Code   RO          626    .text               mf_w.l(cfcmple.o)
    0x080071b4   0x080071b4   0x00000014   Code   RO          628    .text               mf_w.l(cfrcmple.o)
    0x080071c8   0x080071c8   0x0000002c   Code   RO          672    .text               mc_w.l(uidiv.o)
    0x080071f4   0x080071f4   0x00000062   Code   RO          674    .text               mc_w.l(uldiv.o)
    0x08007256   0x08007256   0x0000001e   Code   RO          676    .text               mc_w.l(llshl.o)
    0x08007274   0x08007274   0x00000020   Code   RO          678    .text               mc_w.l(llushr.o)
    0x08007294   0x08007294   0x00000024   Code   RO          680    .text               mc_w.l(llsshr.o)
    0x080072b8   0x080072b8   0x00000000   Code   RO          689    .text               mc_w.l(iusefp.o)
    0x080072b8   0x080072b8   0x0000006e   Code   RO          690    .text               mf_w.l(fepilogue.o)
    0x08007326   0x08007326   0x000000ba   Code   RO          692    .text               mf_w.l(depilogue.o)
    0x080073e0   0x080073e0   0x0000002e   Code   RO          694    .text               mf_w.l(dscalb.o)
    0x0800740e   0x0800740e   0x00000030   Code   RO          696    .text               mf_w.l(dfixul.o)
    0x0800743e   0x0800743e   0x00000002   PAD
    0x08007440   0x08007440   0x00000024   Code   RO          698    .text               mc_w.l(init.o)
    0x08007464   0x08007464   0x000000a2   Code   RO          700    .text               mf_w.l(dsqrt.o)
    0x08007506   0x08007506   0x00000056   Code   RO          710    .text               mc_w.l(__dczerorl2.o)
    0x0800755c   0x0800755c   0x00000020   Code   RO          566    i.__0printf         mc_w.l(printfa.o)
    0x0800757c   0x0800757c   0x00000028   Code   RO          644    i.__ARM_fpclassify  m_ws.l(fpclassify.o)
    0x080075a4   0x080075a4   0x000000aa   Code   RO          646    i.__kernel_poly     m_ws.l(poly.o)
    0x0800764e   0x0800764e   0x00000002   PAD
    0x08007650   0x08007650   0x00000010   Code   RO          630    i.__mathlib_dbl_divzero  m_ws.l(dunder.o)
    0x08007660   0x08007660   0x00000004   Code   RO          632    i.__mathlib_dbl_infnan2  m_ws.l(dunder.o)
    0x08007664   0x08007664   0x0000000c   Code   RO          633    i.__mathlib_dbl_invalid  m_ws.l(dunder.o)
    0x08007670   0x08007670   0x0000000e   Code   RO          634    i.__mathlib_dbl_overflow  m_ws.l(dunder.o)
    0x0800767e   0x0800767e   0x00000002   PAD
    0x08007680   0x08007680   0x00000010   Code   RO          636    i.__mathlib_dbl_underflow  m_ws.l(dunder.o)
    0x08007690   0x08007690   0x0000000e   Code   RO          704    i.__scatterload_copy  mc_w.l(handlers.o)
    0x0800769e   0x0800769e   0x00000002   Code   RO          705    i.__scatterload_null  mc_w.l(handlers.o)
    0x080076a0   0x080076a0   0x0000000e   Code   RO          706    i.__scatterload_zeroinit  mc_w.l(handlers.o)
    0x080076ae   0x080076ae   0x00000002   PAD
    0x080076b0   0x080076b0   0x0000000c   Code   RO          684    i.__set_errno       mc_w.l(errno.o)
    0x080076bc   0x080076bc   0x00000184   Code   RO          573    i._fp_digits        mc_w.l(printfa.o)
    0x08007840   0x08007840   0x000006dc   Code   RO          574    i._printf_core      mc_w.l(printfa.o)
    0x08007f1c   0x08007f1c   0x00000024   Code   RO          575    i._printf_post_padding  mc_w.l(printfa.o)
    0x08007f40   0x08007f40   0x0000002e   Code   RO          576    i._printf_pre_padding  mc_w.l(printfa.o)
    0x08007f6e   0x08007f6e   0x00000002   PAD
    0x08007f70   0x08007f70   0x000009d8   Code   RO          319    i.pow               m_ws.l(pow.o)
    0x08008948   0x08008948   0x0000004c   Code   RO          650    i.sqrt              m_ws.l(sqrt.o)
    0x08008994   0x08008994   0x00000200   Data   RO          148    .constdata          at24cxx.o
    0x08008b94   0x08008b94   0x00000004   PAD
    0x08008b98   0x08008b98   0x00000088   Data   RO          320    .constdata          m_ws.l(pow.o)
    0x08008c20   0x08008c20   0x00000008   Data   RO          648    .constdata          m_ws.l(qnan.o)
    0x08008c28   0x08008c28   0x00000020   Data   RO          702    Region$$Table       anon$$obj.o


    Execution Region RW_IRAM1 (Exec base: 0x20000000, Load base: 0x08008c48, Size: 0x00001a60, Max: 0x00010000, ABSOLUTE, COMPRESSED[0x00000044])

    Exec Addr    Load Addr    Size         Type   Attr      Idx    E Section Name        Object

    0x20000000   COMPRESSED   0x00000100   Data   RW           12    .data               main.o
    0x20000100   COMPRESSED   0x00000004   Data   RW           94    .data               pbdata.o
    0x20000104   COMPRESSED   0x00000002   Data   RW          114    .data               stm32f10x_it.o
    0x20000106   COMPRESSED   0x00000014   Data   RW          222    .data               stm32f10x_rcc.o
    0x2000011a   COMPRESSED   0x00000002   PAD
    0x2000011c   COMPRESSED   0x00000014   Data   RW          294    .data               system_stm32f10x.o
    0x20000130   COMPRESSED   0x00000004   Data   RW          671    .data               mc_w.l(stdout.o)
    0x20000134   COMPRESSED   0x00000004   Data   RW          685    .data               mc_w.l(errno.o)
    0x20000138        -       0x00001458   Zero   RW           11    .bss                main.o
    0x20001590        -       0x000000cc   Zero   RW          113    .bss                stm32f10x_it.o
    0x2000165c   COMPRESSED   0x00000004   PAD
    0x20001660        -       0x00000400   Zero   RW            1    STACK               startup_stm32f10x_hd.o


==============================================================================

Image component sizes


      Code (inc. data)   RO Data    RW Data    ZI Data      Debug   Object Name

        72          0          0          0          0        783   as5048b.o
      9980        326        512          0          0      18968   at24cxx.o
       560         22          0          0          0       1744   i2c.o
     11464        904          0        256       5208     246250   main.o
       220         22          0          0          0       1789   misc.o
       304         14          0          4          0       1532   pbdata.o
        36          8        304          0       1024        836   startup_stm32f10x_hd.o
       860         38          0          0          0       5725   stm32f10x_gpio.o
       500         34          0          2        204       3368   stm32f10x_it.o
       932         36          0         20          0       8920   stm32f10x_rcc.o
      1032         22          0          0          0       8448   stm32f10x_usart.o
       712         44          0          0          0       2839   sys.o
       480         38          0         20          0       1871   system_stm32f10x.o

    ----------------------------------------------------------------------
     27152       1508        852        304       6440     303073   Object Totals
         0          0         32          0          0          0   (incl. Generated)
         0          0          4          2          4          0   (incl. Padding)

    ----------------------------------------------------------------------

      Code (inc. data)   RO Data    RW Data    ZI Data      Debug   Library Member Name

        62         10          0          0          0        340   dunder.o
        40          0          0          0          0         68   fpclassify.o
       170          0          0          0          0         96   poly.o
      2520        190        136          0          0        324   pow.o
         0          0          8          0          0          0   qnan.o
        76          0          0          0          0         84   sqrt.o
        86          0          0          0          0          0   __dczerorl2.o
         0          0          0          0          0          0   entry.o
         0          0          0          0          0          0   entry10a.o
         0          0          0          0          0          0   entry11a.o
         8          4          0          0          0          0   entry2.o
         4          0          0          0          0          0   entry5.o
         0          0          0          0          0          0   entry7b.o
         0          0          0          0          0          0   entry8b.o
         8          4          0          0          0          0   entry9a.o
        12          6          0          4          0         68   errno.o
        30          0          0          0          0          0   handlers.o
        36          8          0          0          0         68   init.o
         0          0          0          0          0          0   iusefp.o
        30          0          0          0          0         68   llshl.o
        36          0          0          0          0         68   llsshr.o
        32          0          0          0          0         68   llushr.o
        36          0          0          0          0        108   memseta.o
      2258         90          0          0          0        452   printfa.o
         0          0          0          4          0          0   stdout.o
        44          0          0          0          0         80   uidiv.o
        98          0          0          0          0         92   uldiv.o
        48          0          0          0          0         68   cdcmple.o
        48          0          0          0          0         68   cdrcmple.o
        20          0          0          0          0         68   cfcmple.o
        20          0          0          0          0         68   cfrcmple.o
        56          0          0          0          0         88   d2f.o
       334          0          0          0          0        148   dadd.o
       222          0          0          0          0        100   ddiv.o
       186          0          0          0          0        176   depilogue.o
        50          0          0          0          0         76   dfixui.o
        48          0          0          0          0         68   dfixul.o
        34          0          0          0          0         76   dflti.o
       228          0          0          0          0         96   dmul.o
        46          0          0          0          0         80   dscalb.o
       162          0          0          0          0        100   dsqrt.o
        38          0          0          0          0         68   f2d.o
       176          0          0          0          0        140   fadd.o
       124          0          0          0          0         88   fdiv.o
       110          0          0          0          0        168   fepilogue.o
        50          0          0          0          0         68   ffixi.o
        40          0          0          0          0         68   ffixui.o
        18          0          0          0          0         68   fflti.o
        10          0          0          0          0         68   ffltui.o
       100          0          0          0          0         76   fmul.o

    ----------------------------------------------------------------------
      7764        312        144          8          0       4076   Library Totals
        10          0          0          0          0          0   (incl. Padding)

    ----------------------------------------------------------------------

      Code (inc. data)   RO Data    RW Data    ZI Data      Debug   Library Name

      2868        200        144          0          0        912   m_ws.l
      2718        112          0          8          0       1072   mc_w.l
      2168          0          0          0          0       2092   mf_w.l

    ----------------------------------------------------------------------
      7764        312        144          8          0       4076   Library Totals

    ----------------------------------------------------------------------

==============================================================================


      Code (inc. data)   RO Data    RW Data    ZI Data      Debug   

     34916       1820        996        312       6440     304105   Grand Totals
     34916       1820        996         68       6440     304105   ELF Image Totals (compressed)
     34916       1820        996         68          0          0   ROM Totals

==============================================================================

    Total RO  Size (Code + RO Data)                35912 (  35.07kB)
    Total RW  Size (RW Data + ZI Data)              6752 (   6.59kB)
    Total ROM Size (Code + RO Data + RW Data)      35980 (  35.14kB)

==============================================================================

